../Core/main10.2.c:265:20:log1	112	static
../Core/main10.2.c:274:6:debug_check_RR_Hip	32	static
../Core/main10.2.c:318:20:apply_impedance_profile	48	static
../Core/main10.2.c:343:20:apply_impedance_profile_ramped	128	static
../Core/main10.2.c:382:20:set_impedance_all_ramped	24	static
../Core/main10.2.c:390:20:settle_hold	16	static
../Core/main10.2.c:456:20:reapply_current_goal_ticks	72	static
../Core/main10.2.c:471:6:apply_increment	64	static
../Core/main10.2.c:501:20:set_impedance_all	24	static
../Core/main10.2.c:519:13:apply_target	56	static
../Core/main10.2.c:544:21:s5	16	static
../Core/main10.2.c:546:6:apply_target_smooth	168	static
../Core/main10.2.c:563:6:apply_target_smooth_locked	256	static,ignoring_inline_asm
../Core/main10.2.c:698:20:apply_impedance_stance_heavy	48	static
../Core/main10.2.c:707:20:apply_impedance_swing_light	48	static
../Core/main10.2.c:717:20:set_pair_impedance_FR_RL_lift	8	static
../Core/main10.2.c:725:20:set_pair_impedance_FL_RR_lift	8	static
../Core/main10.2.c:733:20:set_impedance_all_heavy	8	static
../Core/main10.2.c:741:20:set_impedance_all_normal	8	static
../Core/main10.2.c:750:20:preload_for_FR_RL_lift	120	static
../Core/main10.2.c:764:20:preload_for_FL_RR_lift	120	static
../Core/main10.2.c:835:13:ax12_bcast_write_1B	32	static
../Core/main10.2.c:841:13:ax12_bcast_write_2B	40	static
../Core/main10.2.c:866:20:ax12_stop_all	16	static
../Core/main10.2.c:872:20:ax12_spread_right_once	24	static
../Core/main10.2.c:886:20:ax12_spread_right_dither	24	static
../Core/main10.2.c:900:20:ax12_assist_spread_right	32	static
../Core/main10.2.c:913:20:goto_pose_abs_rad	128	static
../Core/main10.2.c:957:13:reset_target_rad	16	static
../Core/main10.2.c:967:6:add_and_apply_increment_smooth	136	static
../Core/main10.2.c:983:13:servo_init	8	static
../Core/main10.2.c:993:20:send_goal_single_leg	48	static
../Core/main10.2.c:1008:5:main	16	static
../Core/main10.2.c:1111:6:SystemClock_Config	88	static
../Core/main10.2.c:1155:13:dxl_test_id	32	static
../Core/main10.2.c:1176:13:dxl_scan_simple	32	static
../Core/main10.2.c:1189:13:bump_joint_ticks	40	static
../Core/main10.2.c:1205:13:sgn_probe_and_apply	64	static
../Core/main10.2.c:1257:6:process_input	2472	static
../Core/main10.2.c:3367:6:debug_check_Hip3	32	static
../Core/main10.2.c:3402:6:HAL_UART_RxCpltCallback	16	static
../Core/main10.2.c:3428:6:UART_Transmit_DMA	24	static
../Core/main10.2.c:3458:5:get_uart_index	16	static
../Core/main10.2.c:3467:6:uart_rx_dma1_handler	16	static
../Core/main10.2.c:3492:6:HAL_UART_TxCpltCallback	16	static
../Core/main10.2.c:3533:6:Error_Handler	4	static,ignoring_inline_asm
